docker.exe :  Image finalyearproject-frontend Building 
At line:1 char:45
+ ... r project"; docker.exe -H npipe:////./pipe/dockerDesktopLinuxEngine c ...
+                 ~~~~~~~~~~~~~~~~~~~~~~~~~~~~~~~~~~~~~~~~~~~~~~~~~~~~~~~~~
    + CategoryInfo          : NotSpecified: ( Image finalyea...ntend Building  
   :String) [], RemoteException
    + FullyQualifiedErrorId : NativeCommandError
 
 Image finalyearproject-backend Building 
#1 [internal] load local bake definitions
#1 reading from stdin 1.10kB done
#1 DONE 0.0s

#2 [backend internal] load build definition from Dockerfile
#2 transferring dockerfile: 612B 0.0s done
#2 DONE 0.1s

#3 [frontend internal] load build definition from Dockerfile
#3 transferring dockerfile: 385B 0.0s done
#3 DONE 0.1s

#4 [frontend internal] load metadata for docker.io/library/nginx:stable-alpine
#4 ...

#5 [frontend internal] load metadata for docker.io/library/node:20-alpine
#5 DONE 1.1s

#4 [frontend internal] load metadata for docker.io/library/nginx:stable-alpine
#4 DONE 1.1s

#6 [frontend internal] load .dockerignore
#6 transferring context: 94B 0.0s done
#6 DONE 0.0s

#7 [frontend internal] load build context
#7 transferring context: 6.03kB 0.0s done
#7 DONE 0.1s

#8 [frontend runtime 1/3] FROM docker.io/library/nginx:stable-alpine@sha256:0d3b80406a13a767339fbe2f41406d6c7da727ab89cf8fae399e81f780f814d1
#8 resolve docker.io/library/nginx:stable-alpine@sha256:0d3b80406a13a767339fbe2f41406d6c7da727ab89cf8fae399e81f780f814d1 0.1s done
#8 DONE 0.1s

#9 [frontend build 1/6] FROM docker.io/library/node:20-alpine@sha256:fb4cd12c85ee03686f6af5362a0b0d56d50c58a04632e6c0fb8363f609372293
#9 resolve docker.io/library/node:20-alpine@sha256:fb4cd12c85ee03686f6af5362a0b0d56d50c58a04632e6c0fb8363f609372293
#9 resolve docker.io/library/node:20-alpine@sha256:fb4cd12c85ee03686f6af5362a0b0d56d50c58a04632e6c0fb8363f609372293 0.1s done
#9 DONE 0.1s

#8 [frontend runtime 1/3] FROM docker.io/library/nginx:stable-alpine@sha256:0d3b80406a13a767339fbe2f41406d6c7da727ab89cf8fae399e81f780f814d1
#8 CACHED

#10 [frontend build 2/6] WORKDIR /app
#10 CACHED

#11 [backend internal] load metadata for docker.io/library/node:18-alpine
#11 DONE 1.4s

#12 [frontend build 3/6] COPY package.json package-lock.json ./
#12 DONE 0.1s

#13 [backend internal] load .dockerignore
#13 transferring context: 119B 0.0s done
#13 DONE 0.0s

#14 [backend internal] load build context
#14 transferring context: 1.77kB 0.0s done
#14 DONE 0.1s

#15 [backend build 1/5] FROM docker.io/library/node:18-alpine@sha256:8d6421d663b4c28fd3ebc498332f249011d118945588d0a35cb9bc4b8ca09d9e
#15 resolve docker.io/library/node:18-alpine@sha256:8d6421d663b4c28fd3ebc498332f249011d118945588d0a35cb9bc4b8ca09d9e 0.1s done
#15 DONE 0.1s

#16 [backend build 2/5] WORKDIR /app
#16 CACHED

#17 [backend deps 3/4] COPY package*.json ./
#17 DONE 0.1s

#18 [backend build 3/5] COPY . .
#18 DONE 0.2s

#19 [backend build 4/5] RUN npm ci
#19 ...

#20 [backend deps 4/4] RUN npm ci --production
#20 1.186 npm warn config production Use `--omit=dev` instead.
#20 ...

#21 [frontend build 4/6] RUN npm ci
#21 3.396 npm warn EBADENGINE Unsupported engine {
#21 3.396 npm warn EBADENGINE   package: 'react-router@8.0.1',
#21 3.396 npm warn EBADENGINE   required: { node: '>=22.22.0' },
#21 3.396 npm warn EBADENGINE   current: { node: 'v20.20.2', npm: '10.8.2' }
#21 3.396 npm warn EBADENGINE }
#21 ...

#20 [backend deps 4/4] RUN npm ci --production
#20 22.88 
#20 22.88 added 153 packages, and audited 154 packages in 22s
#20 22.88 
#20 22.88 20 packages are looking for funding
#20 22.88   run `npm fund` for details
#20 22.89 
#20 22.89 found 0 vulnerabilities
#20 22.90 npm notice
#20 22.90 npm notice New major version of npm available! 10.8.2 -> 11.17.0
#20 22.90 npm notice Changelog: https://github.com/npm/cli/releases/tag/v11.17.0
#20 22.90 npm notice To update run: npm install -g npm@11.17.0
#20 22.90 npm notice
#20 DONE 23.9s

#19 [backend build 4/5] RUN npm ci
#19 ...

#22 [backend runtime 3/5] COPY --from=deps /app/node_modules ./node_modules
#22 DONE 3.7s

#19 [backend build 4/5] RUN npm ci
#19 28.68 npm warn deprecated urix@0.1.0: Please see https://github.com/lydell/urix#deprecated
#19 29.35 npm warn deprecated source-map-url@0.4.1: See https://github.com/lydell/source-map-url#deprecated
#19 29.65 npm warn deprecated rimraf@3.0.2: Rimraf versions prior to v4 are no longer supported
#19 30.47 npm warn deprecated source-map-resolve@0.5.3: See https://github.com/lydell/source-map-resolve#deprecated
#19 30.47 npm warn deprecated resolve-url@0.2.1: https://github.com/lydell/resolve-url#deprecated
#19 31.35 npm warn deprecated supertest@6.3.4: Please upgrade to supertest v7.1.3+, see release notes at https://github.com/forwardemail/supertest/releases/tag/v7.1.3 - maintenance is supported by Forward Email @ https://forwardemail.net
#19 35.16 npm warn deprecated sane@4.1.0: some dependency vulnerabilities fixed, support for node < 10 dropped, and newer ECMAScript syntax/features added
#19 35.21 npm warn deprecated inflight@1.0.6: This module is not supported, and leaks memory. Do not use it. Check out lru-cache if you want a good and tested way to coalesce async requests by a key value, which is much more comprehensive and powerful.
#19 36.78 npm warn deprecated glob@7.2.3: Old versions of glob are not supported, and contain widely publicized security vulnerabilities, which have been fixed in the current version. Please update. Support for old versions may be purchased (at exorbitant rates) by contacting i@izs.me
#19 40.33 npm warn deprecated @humanwhocodes/object-schema@2.0.3: Use @eslint/object-schema instead
#19 40.51 npm warn deprecated @humanwhocodes/config-array@0.13.0: Use @eslint/config-array instead
#19 41.17 npm warn deprecated superagent@8.1.2: Please upgrade to superagent v10.2.2+, see release notes at https://github.com/forwardemail/superagent/releases/tag/v10.2.2 - maintenance is supported by Forward Email @ https://forwardemail.net
#19 ...

#21 [frontend build 4/6] RUN npm ci
#21 42.27 
#21 42.27 added 282 packages, and audited 283 packages in 41s
#21 42.27 
#21 42.27 57 packages are looking for funding
#21 42.27   run `npm fund` for details
#21 42.27 
#21 42.27 found 0 vulnerabilities
#21 42.29 npm notice
#21 42.29 npm notice New major version of npm available! 10.8.2 -> 11.17.0
#21 42.29 npm notice Changelog: https://github.com/npm/cli/releases/tag/v11.17.0
#21 42.29 npm notice To update run: npm install -g npm@11.17.0
#21 42.29 npm notice
#21 DONE 43.1s

#19 [backend build 4/5] RUN npm ci
#19 ...

#23 [frontend build 5/6] COPY . .
#23 DONE 0.9s

#19 [backend build 4/5] RUN npm ci
#19 ...

#24 [frontend build 6/6] RUN npm run build
#24 1.392 
#24 1.392 > template@0.0.0 build
#24 1.392 > vite build
#24 1.392 
#24 2.560 vite v8.0.16 building client environment for production...
#24 2.668 [2K
