
> backend@1.0.0 test:ci
> jest --coverage --runInBand auth.test.js

node.exe : FAIL tests/auth.test.js
At line:1 char:1
+ & "H:\Users\Downloads\resources/node.exe" "C:\Users\hp\AppData\Roamin ...
+ ~~~~~~~~~~~~~~~~~~~~~~~~~~~~~~~~~~~~~~~~~~~~~~~~~~~~~~~~~~~~~~~~~~~~~
    + CategoryInfo          : NotSpecified: (FAIL tests/auth.test.js:String) [ 
   ], RemoteException
    + FullyQualifiedErrorId : NativeCommandError
 
  ΓùÅ Test suite failed to run

    Jest encountered an unexpected token

    Jest failed to parse a file. This happens e.g. when your code or its 
dependencies use non-standard JavaScript syntax, or when Jest is not 
configured to support such syntax.

    Out of the box Jest supports Babel, which will be used to transform your 
files into valid JS based on your Babel configuration.

    By default "node_modules" folder is ignored by transformers.

    Here's what you can do:
     ΓÇó If you are trying to use ECMAScript Modules, see 
https://jestjs.io/docs/ecmascript-modules for how to enable it.
     ΓÇó If you are trying to use TypeScript, see 
https://jestjs.io/docs/getting-started#using-typescript
     ΓÇó To have some of your "node_modules" files transformed, you can 
specify a custom "transformIgnorePatterns" in your config.
     ΓÇó If you need a custom transformation, specify a "transform" option in 
your config.
     ΓÇó If you simply want to mock your non-JS modules (e.g. binary assets) 
you can stub them out with the "moduleNameMapper" config option.

    You'll find more details and examples of these config options in the docs:
    https://jestjs.io/docs/configuration
    For information about custom transformations, see:
    https://jestjs.io/docs/code-transformation

    Details:

    H:\Users\Downloads\final year project\backend\server.js:27
    const _filename = (0, _url.fileURLToPath)(import.meta.url);
                                                     ^^^^

    SyntaxError: Cannot use 'import.meta' outside a module

    [0m [90m 1 |[39m [36mimport[39m request [36mfrom[39m 
[32m'supertest'[39m[33m;[39m
     [90m 2 |[39m [36mimport[39m { [33mMongoClient[39m } [36mfrom[39m 
[32m'mongodb'[39m[33m;[39m
    [31m[1m>[22m[39m[90m 3 |[39m [36mimport[39m app [36mfrom[39m 
[32m'../server.js'[39m[33m;[39m
     [90m   |[39m [31m[1m^[22m[39m
     [90m 4 |[39m
     [90m 5 |[39m describe([32m'Authentication'[39m[33m,[39m () 
[33m=>[39m {
     [90m 6 |[39m   [36mlet[39m db[33m;[39m[0m

      at ModuleExecutor.compile 
(node_modules/jest-runtime/build/index.js:2104:44)
      at Object.require (tests/auth.test.js:3:1)

------------------------------|---------|----------|---------|---------|-------------------
File                          | % Stmts | % Branch | % Funcs | % Lines | Uncovered Line #s 
------------------------------|---------|----------|---------|---------|-------------------
All files                     |       0 |        0 |       0 |       0 |                   
 backend                      |       0 |        0 |       0 |       0 |                   
  check-complaints.js         |       0 |        0 |       0 |       0 | 4-26              
  seed-test-data.js           |       0 |        0 |       0 |       0 | 4-177             
  wait-for-mongo.js           |       0 |        0 |       0 |       0 | 5-44              
 backend/config               |       0 |        0 |       0 |       0 |                   
  multer.js                   |       0 |        0 |       0 |       0 | 5-70              
 backend/controllers          |       0 |        0 |       0 |       0 |                   
  auth.js                     |       0 |        0 |       0 |       0 | 8-506             
  complaints.js               |       0 |        0 |       0 |       0 | 9-480             
  management.js               |       0 |        0 |       0 |       0 | 9-1363            
  notifications.js            |       0 |        0 |       0 |       0 | 4-97              
  users.js                    |       0 |        0 |       0 |       0 | 7-199             
 backend/coverage             |       0 |        0 |       0 |       0 |                   
  block-navigation.js         |       0 |        0 |       0 |       0 | 2-87              
  prettify.js                 |       0 |        0 |       0 |       0 | 2                 
  sorter.js                   |       0 |        0 |       0 |       0 | 2-210             
 backend/coverage/lcov-report |       0 |        0 |       0 |       0 |                   
  block-navigation.js         |       0 |        0 |       0 |       0 | 2-87              
  prettify.js                 |       0 |        0 |       0 |       0 | 2                 
  sorter.js                   |       0 |        0 |       0 |       0 | 2-210             
 backend/middleware           |       0 |        0 |       0 |       0 |                   
  auth.js                     |       0 |        0 |       0 |       0 | 4-101             
 backend/routes               |       0 |        0 |       0 |       0 |                   
  auth.js                     |       0 |        0 |       0 |       0 | 16-168            
  complaints.js               |       0 |      100 |     100 |       0 | 15-89             
  management.js               |       0 |        0 |       0 |       0 | 25-303            
  notifications.js            |       0 |      100 |     100 |       0 | 10-26             
  technician.js               |       0 |        0 |       0 |       0 | 8-509             
  users.js                    |       0 |      100 |     100 |       0 | 12-49             
 backend/scripts              |       0 |        0 |       0 |       0 |                   
  initCounters.js             |       0 |        0 |       0 |       0 | 4-42              
  seedTechnician.js           |       0 |        0 |       0 |       0 | 6-51              
  testEmail.js                |       0 |      100 |       0 |       0 | 4-49              
 backend/services             |       0 |        0 |       0 |       0 |                   
  emailService.js             |       0 |        0 |       0 |       0 | 4-190             
 backend/utils                |       0 |        0 |       0 |       0 |                   
  database.js                 |       0 |        0 |       0 |       0 | 8-2232            
------------------------------|---------|----------|---------|---------|-------------------
Test Suites: 1 failed, 1 total
Tests:       0 total
Snapshots:   0 total
Time:        6.704 s
Ran all test suites matching auth.test.js.
